Case #1: 383.50
Case #2: 1120.50
Case #3: 1180.00
Case #4: 828.60
Case #5: 1700.00
Case #6: 1518.50
Case #7: 913.00
Case #8: 2515.40
Case #9: 6142.75
Case #10: 782.50
Case #11: 3637.00
Case #12: 1286.67
Case #13: 1674.00
Case #14: 632.33
Case #15: 1211.33
Case #16: 362.40
Case #17: 649.50
Case #18: 1485.00
Case #19: 673.50
Case #20: 272.50
Case #21: 1209.00
Case #22: 1015.33
Case #23: 559.50
Case #24: 1289.25
Case #25: 4106.25
Case #26: 4747.00
Case #27: 3695.75
Case #28: 1086.80
Case #29: 3697.50
Case #30: 458.20
Case #31: 715.67
Case #32: 964.50
Case #33: 950.50
Case #34: 1189.50
Case #35: 971.50
Case #36: 1319.00
Case #37: 4861.75
Case #38: 676.75
Case #39: 5962.67
Case #40: 7337.00
Case #41: 119.67
Case #42: 340.80
Case #43: 3260.29
Case #44: 685.50
Case #45: 541.50
Case #46: 3188.00
Case #47: 284.33
Case #48: 1202.50
Case #49: 2332.50
Case #50: 755.75
Case #51: 228.67
Case #52: 371.67
Case #53: 354.67
Case #54: 1311.00
Case #55: 482.60
Case #56: 1110.00
Case #57: 354.00
Case #58: 961.00
Case #59: 819.50
Case #60: 1050.50
Case #61: 479.33
Case #62: 779.50
Case #63: 355.50
Case #64: 1735.50
Case #65: 785.50
Case #66: 355.50
Case #67: 857.00
Case #68: 202.50
Case #69: 436.25
Case #70: 5306.25
Case #71: 1713.00
Case #72: 1021.25
Case #73: 1353.43
Case #74: 2272.00
Case #75: 366.00
Case #76: 9091.00
Case #77: 927.50
Case #78: 505.25
Case #79: 669.79
Case #80: 2877.00
Case #81: 2415.20
Case #82: 2121.50
Case #83: 2156.00
Case #84: 6158.00
Case #85: 828.50
Case #86: 2157.00
Case #87: 411.50
Case #88: 4256.00
Case #89: 690.50
Case #90: 2866.50
Case #91: 501.67
Case #92: 884.67
Case #93: 688.60
Case #94: 867.50
Case #95: 481.40
Case #96: 394.50
Case #97: 391.63
Case #98: 1515.25
