41666667
717948723
785868428
337739723
198780818
1
